// Jest Snapshot v1, https://goo.gl/fbAQLP

exports[`<App /> should render and match the snapshot 1`] = `
<ForwardRef>
  <HelmetWrapper
    defaultTitle="Salary Advance"
    defer={true}
    encodeSpecialCharacters={true}
    titleTemplate="%s - Salary Advance"
  >
    <meta
      content="A Salary Advance application"
      name="description"
    />
  </HelmetWrapper>
  <Switch>
    <Route
      component={[Function]}
      path="/login"
    />
    <PrivateRoute
      component={[Function]}
      exact={true}
      path="/"
    />
    <PrivateRoute
      component={[Function]}
      path="/requestOrder"
    />
    <PrivateRoute
      component={[Function]}
      path="/profile"
    />
    <Route
      component={[Function]}
      path="/history"
    />
    <Route
      component={[Function]}
      path="/orders/:id"
    />
    <Route
      component={[Function]}
      path="/documents"
    />
    <Route
      component={[Function]}
      path="/faq"
    />
    <Route
      component={[Function]}
      path="/question/:id"
    />
    <Route
      component={[Function]}
      path=""
    />
  </Switch>
  <GlobalStyleComponent />
</ForwardRef>
`;
